Microchip MPLAB XC8 Compiler V1.41 ()

Linker command line:

-W-3 --edf=/opt/microchip/xc8/v1.41/dat/en_msgs.txt -cs \
  -h+dist/default/debug/pbLedA.X.debug.sym \
  --cmf=dist/default/debug/pbLedA.X.debug.cmf -z -Q18F25J11 \
  -o/tmp/xcXNOXtzY -Mdist/default/debug/pbLedA.X.debug.map -E1 -ver=XC8 \
  -ASTACK=060h-0ebfh -pstack=STACK -ACODE=00h-07FF7h -ACONST=00h-07FF7h \
  -ASMALLCONST=0F00h-0FFFhx112,07F00h-07FF7h -AMEDIUMCONST=0F00h-07FF7h \
  -ACOMRAM=01h-05Fh -AABS1=00h-0EBFh -ABIGRAM=01h-0EBFh \
  -ARAM=060h-0FFh,0100h-01FFhx13,0E00h-0EBFh -ABANK0=060h-0FFh \
  -ABANK1=0100h-01FFh -ABANK2=0200h-02FFh -ABANK3=0300h-03FFh \
  -ABANK4=0400h-04FFh -ABANK5=0500h-05FFh -ABANK6=0600h-06FFh \
  -ABANK7=0700h-07FFh -ABANK8=0800h-08FFh -ABANK9=0900h-09FFh \
  -ABANK10=0A00h-0AFFh -ABANK11=0B00h-0BFFh -ABANK12=0C00h-0CFFh \
  -ABANK13=0D00h-0DFFh -ABANK14=0E00h-0EBFh \
  -ASFR=0EC0h-0EFFh,0F00h-0F5Fh,0F60h-0FFCh \
  -preset_vec=00h,intcode,intcodelo,powerup,init -pramtop=0F00h \
  -psmallconst=SMALLCONST -pmediumconst=MEDIUMCONST -pconst=CONST \
  -AFARRAM=00h-00h -ACONFIG=07FF8h-07FFFh -pconfig=CONFIG \
  -pjflash_buffer=07800h \
  -prdata=COMRAM,nvrram=COMRAM,nvbit=COMRAM,rbss=COMRAM,rbit=COMRAM \
  -pfarbss=FARRAM,fardata=FARRAM,nvFARRAM=FARRAM \
  -pintsave_regs=BIGRAM,bigbss=BIGRAM,bigdata=BIGRAM -pbss=RAM \
  -pidata=CODE,irdata=CODE,ibigdata=CODE,ifardata=CODE -prparam=COMRAM \
  /tmp/xcXJ2i7qI.obj dist/default/debug/pbLedA.X.debug.obj 

Object code version is 3.11

Machine type is 18F25J11

Call graph: (short form)




                Name                               Link     Load   Length Selector   Space Scale
/tmp/xcXJ2i7qI.obj
                init                                  2        2        4        0       0
                reset_vec                             0        0        2        0       0
                config                             7FF8     7FF8        8     7FF8       0
dist/default/debug/pbLedA.X.debug.obj
                text0                              7FEE     7FEE        4     3FF7       0
                cinit                              7FF2     7FF2        6     3FF9       0

TOTAL           Name                               Link     Load   Length     Space
        CLASS   STACK          

        CLASS   CODE           
                init                                  2        2        4         0
                reset_vec                             0        0        2         0
                text0                              7FEE     7FEE        4         0
                cinit                              7FF2     7FF2        6         0

        CLASS   CONST          

        CLASS   SMALLCONST     

        CLASS   MEDIUMCONST    

        CLASS   COMRAM         

        CLASS   ABS1           

        CLASS   BIGRAM         

        CLASS   RAM            

        CLASS   BANK0          

        CLASS   BANK1          

        CLASS   BANK2          

        CLASS   BANK3          

        CLASS   BANK4          

        CLASS   BANK5          

        CLASS   BANK6          

        CLASS   BANK7          

        CLASS   BANK8          

        CLASS   BANK9          

        CLASS   BANK10         

        CLASS   BANK11         

        CLASS   BANK12         

        CLASS   BANK13         

        CLASS   BANK14         

        CLASS   SFR            

        CLASS   FARRAM         

        CLASS   CONFIG         
                config                             7FF8     7FF8        8         0

        CLASS   IDLOC          



SEGMENTS        Name                           Load    Length   Top    Selector   Space  Class

                reset_vec                      000000  000006  000006         0       0  CODE    
                text0                          007FEE  000004  007FF2      3FF7       0  CODE    
                cinit                          007FF2  000006  007FF8      3FF9       0  CODE    
                config                         007FF8  000008  008000      7FF8       0  CONFIG  


UNUSED ADDRESS RANGES

        Name                Unused          Largest block    Delta
        BANK0            0060-00FF             A0
        BANK1            0100-01FF            100
        BANK10           0A00-0AFF            100
        BANK11           0B00-0BFF            100
        BANK12           0C00-0CFF            100
        BANK13           0D00-0DFF            100
        BANK14           0E00-0EBF             C0
        BANK2            0200-02FF            100
        BANK3            0300-03FF            100
        BANK4            0400-04FF            100
        BANK5            0500-05FF            100
        BANK6            0600-06FF            100
        BANK7            0700-07FF            100
        BANK8            0800-08FF            100
        BANK9            0900-09FF            100
        BIGRAM           0001-0EBF            EBF
        CODE             0006-7FED           7FE8
        COMRAM           0001-005F             5F
        CONST            0006-7FED           7FE8
        MEDIUMCONST      0F00-7FED           70EE
        RAM              0060-0EBF            100
        SFR              0EC0-0FFC             60
        SMALLCONST       0F00-7FED            100
        STACK            0060-0EBF            E60

                                  Symbol Table

__HRAM                   (abs)         0000
__Habs1                  abs1          0000
__Hbank0                 bank0         0000
__Hbank1                 bank1         0000
__Hbank10                bank10        0000
__Hbank11                bank11        0000
__Hbank12                bank12        0000
__Hbank13                bank13        0000
__Hbank14                bank14        0000
__Hbank2                 bank2         0000
__Hbank3                 bank3         0000
__Hbank4                 bank4         0000
__Hbank5                 bank5         0000
__Hbank6                 bank6         0000
__Hbank7                 bank7         0000
__Hbank8                 bank8         0000
__Hbank9                 bank9         0000
__Hbigbss                bigbss        0000
__Hbigdata               bigdata       0000
__Hbigram                bigram        0000
__Hbss                   bss           0000
__Hcinit                 cinit         0000
__Hclrtext               clrtext       0000
__Hcomram                comram        0000
__Hconfig                config        8000
__Hconst                 const         0000
__HcstackCOMRAM          cstackCOMRAM  0000
__Hdata                  data          0000
__Hfarbss                farbss        0000
__Hfardata               fardata       0000
__Hibigdata              ibigdata      0000
__Hidata                 idata         0000
__Hidloc                 idloc         0000
__Hifardata              ifardata      0000
__Hinit                  init          0006
__Hintcode               intcode       0002
__Hintcode_body          intcode_body  0000
__Hintcodelo             intcodelo     0002
__Hintentry              intentry      0000
__Hintret                intret        0000
__Hintsave_regs          intsave_regs  0000
__Hirdata                irdata        0000
__Hjflash_buffer         jflash_buffer 7800
__Hmediumconst           mediumconst   0000
__HnvFARRAM              nvFARRAM      0000
__Hnvbit                 nvbit         0000
__Hnvrram                nvrram        0000
__Hparam                 rparam        0000
__Hpowerup               powerup       0002
__Hram                   ram           0000
__Hramtop                ramtop        0F00
__Hrbit                  rbit          0000
__Hrbss                  rbss          0000
__Hrdata                 rdata         0000
__Hreset_vec             reset_vec     0002
__Hrparam                rparam        0000
__Hsfr                   sfr           0000
__Hsmallconst            smallconst    0000
__Hspace_0               (abs)         8000
__Hspace_1               (abs)         0000
__Hspace_2               (abs)         0000
__Hstack                 stack         0000
__Hstruct                struct        0000
__Htemp                  temp          0000
__Htext                  text          0000
__Htext0                 text0         0000
__LRAM                   (abs)         0001
__Labs1                  abs1          0000
__Lbank0                 bank0         0000
__Lbank1                 bank1         0000
__Lbank10                bank10        0000
__Lbank11                bank11        0000
__Lbank12                bank12        0000
__Lbank13                bank13        0000
__Lbank14                bank14        0000
__Lbank2                 bank2         0000
__Lbank3                 bank3         0000
__Lbank4                 bank4         0000
__Lbank5                 bank5         0000
__Lbank6                 bank6         0000
__Lbank7                 bank7         0000
__Lbank8                 bank8         0000
__Lbank9                 bank9         0000
__Lbigbss                bigbss        0000
__Lbigdata               bigdata       0000
__Lbigram                bigram        0000
__Lbss                   bss           0000
__Lcinit                 cinit         0000
__Lclrtext               clrtext       0000
__Lcomram                comram        0000
__Lconfig                config        7FF8
__Lconst                 const         0000
__LcstackCOMRAM          cstackCOMRAM  0000
__Ldata                  data          0000
__Lfarbss                farbss        0000
__Lfardata               fardata       0000
__Libigdata              ibigdata      0000
__Lidata                 idata         0000
__Lidloc                 idloc         0000
__Lifardata              ifardata      0000
__Linit                  init          0002
__Lintcode               intcode       0002
__Lintcode_body          intcode_body  0000
__Lintcodelo             intcodelo     0002
__Lintentry              intentry      0000
__Lintret                intret        0000
__Lintsave_regs          intsave_regs  0000
__Lirdata                irdata        0000
__Ljflash_buffer         jflash_buffer 7800
__Lmediumconst           mediumconst   0000
__LnvFARRAM              nvFARRAM      0000
__Lnvbit                 nvbit         0000
__Lnvrram                nvrram        0000
__Lparam                 rparam        0000
__Lpowerup               powerup       0002
__Lram                   ram           0000
__Lramtop                ramtop        0F00
__Lrbit                  rbit          0000
__Lrbss                  rbss          0000
__Lrdata                 rdata         0000
__Lreset_vec             reset_vec     0000
__Lrparam                rparam        0000
__Lsfr                   sfr           0000
__Lsmallconst            smallconst    0000
__Lspace_0               (abs)         0000
__Lspace_1               (abs)         0000
__Lspace_2               (abs)         0000
__Lstack                 stack         0000
__Lstruct                struct        0000
__Ltemp                  temp          0000
__Ltext                  text          0000
__Ltext0                 text0         0000
__S0                     (abs)         8000
__S1                     (abs)         0000
__S2                     (abs)         0000
___inthi_sp              stack         0000
___intlo_sp              stack         0000
___param_bank            (abs)         0000
___rparam_used           (abs)         0001
___sp                    stack         0000
__accesstop              (abs)         0060
__activetblptr           (abs)         0000
__end_of__initialization cinit         7FF2
__end_of_main            text0         7FF2
__initialization         cinit         7FF2
__mediumconst            mediumconst   0000
__pcinit                 cinit         7FF2
__pcstackCOMRAM          cstackCOMRAM  0000
__ptext0                 text0         7FEE
__ramtop                 ramtop        0F00
__size_of_main           (abs)         0000
__smallconst             smallconst    0000
_main                    text0         7FEE
end_of_initialization    cinit         7FF2
intlevel0                text          0000
intlevel1                text          0000
intlevel2                text          0000
intlevel3                text          0000
stackhi                  (abs)         0EBF
stacklo                  (abs)         0060
start                    init          0002
start_initialization     cinit         7FF2


FUNCTION INFORMATION:

 *************** function _main *****************
 Defined at:
		line 11 in file "main.c"
 Parameters:    Size  Location     Type
		None
 Auto vars:     Size  Location     Type
		None
 Return value:  Size  Location     Type
                  1    wreg      void 
 Registers used:
		None
 Tracked objects:
		On entry : 
		On exit  : 
		Unchanged: 
 Data sizes:     COMRAM   BANK0   BANK1   BANK2   BANK3   BANK4   BANK5   BANK6   BANK7   BANK8   BANK9  BANK10  BANK11  BANK12  BANK13  BANK14
      Params:         0       0       0       0       0       0       0       0       0       0       0       0       0       0       0       0
      Locals:         0       0       0       0       0       0       0       0       0       0       0       0       0       0       0       0
      Temps:          0       0       0       0       0       0       0       0       0       0       0       0       0       0       0       0
      Totals:         0       0       0       0       0       0       0       0       0       0       0       0       0       0       0       0
Total ram usage:        0 bytes
 This function calls:
		Nothing
 This function is called by:
		Startup code after reset
 This function uses a non-reentrant model



MODULE INFORMATION

Module		Function		Class		Link	Load	Size
shared
		__initialization		CODE           	7FF2	0000	1

shared estimated size: 1

main.c
		_main          		CODE           	7FEE	0000	5

main.c estimated size: 5

